Testing standard query...
Intent: visualize
Answer: I've analyzed the current data state and generated this visualization: /static/graphs/viz_visualize.png
Graph URL in state: /static/graphs/viz_visualize.png
--------------------
Testing members by state visualization...
Intent: members_total
Answer: Mock response from LLM
--------------------
Testing mock visualization...
Intent: visualize
Answer: I've analyzed the current data state and generated this visualization: /static/graphs/viz_visualize.png
Graph URL in state: /static/graphs/viz_visualize.png
SUCCESS: Mock graph file exists at static/graphs/viz_visualize.png
--------------------
